The system has 18 faculties and in 0 days, they have made a revenue of 0
One of the best faculties - Civil and Environmental Engineering, has made a revenue of 0 so far!
One of the best faculties - Mechanical Engineering, has made a revenue of 0 so far!
One of the best faculties - Electrical Engineering, has made a revenue of 0 so far!

Day #0: 3 events in total
The order was made by esc6@g.com, from the faculty of Aerospace Engineering, who is skilled at 8
	It was made for room 2, of rnd@apple.com from Computer Science, for the time 9:00
	The room is best for a skill skill_level of 7. 5 people came for the total price of 1000
The order was made by esc1@g.com, from the faculty of Computer Science, who is skilled at 4
	It was made for room 1, of rnd@apple.com from Computer Science, for the time 10:00
	The room is best for a skill skill_level of 1. 4 people came for the total price of 300
The order was made by esc7@g.com, from the faculty of Industrial Engineering and Management, who is skilled at 7
	It was made for room 1, of rnd@google.com from Aerospace Engineering, for the time 13:00
	The room is best for a skill skill_level of 10. 3 people came for the total price of 720
That is all for day #0!

The system has 18 faculties and in 1 days, they have made a revenue of 2020
One of the best faculties - Computer Science, has made a revenue of 1300 so far!
One of the best faculties - Aerospace Engineering, has made a revenue of 720 so far!
One of the best faculties - Civil and Environmental Engineering, has made a revenue of 0 so far!

Day #1: 3 events in total
The order was made by esc2@g.com, from the faculty of Computer Science, who is skilled at 6
	It was made for room 1, of rnd@apple.com from Computer Science, for the time 10:00
	The room is best for a skill skill_level of 1. 3 people came for the total price of 225
The order was made by esc3@g.com, from the faculty of Computer Science, who is skilled at 10
	It was made for room 1, of rnd@google.com from Aerospace Engineering, for the time 13:00
	The room is best for a skill skill_level of 10. 3 people came for the total price of 720
The order was made by esc8@g.com, from the faculty of Mathematics, who is skilled at 4
	It was made for room 2, of rnd@apple.com from Computer Science, for the time 17:00
	The room is best for a skill skill_level of 7. 4 people came for the total price of 800
That is all for day #1!

Day #2: 1 events in total
The order was made by esc2@g.com, from the faculty of Computer Science, who is skilled at 6
	It was made for room 3, of rnd@microsoft.com from Computer Science, for the time 13:00
	The room is best for a skill skill_level of 5. 3 people came for the total price of 360
That is all for day #2!

The system has 18 faculties and in 3 days, they have made a revenue of 4125
One of the best faculties - Computer Science, has made a revenue of 2685 so far!
One of the best faculties - Aerospace Engineering, has made a revenue of 1440 so far!
One of the best faculties - Civil and Environmental Engineering, has made a revenue of 0 so far!

