Day #0: 2 events in total
The order was made by escaper_civil2@gmail.com, from the faculty of Civil and Environmental Engineering, who is skilled at 2
	It was made for room 11, of civil1@gmail.com from Civil and Environmental Engineering, for the time 10:00
	The room is best for a skill skill_level of 5. 5 people came for the total price of 15
The order was made by escaper_cs1@gmail.com, from the faculty of Computer Science, who is skilled at 2
	It was made for room 11, of bio_med1@gmail.com from Biomedical Engineering, for the time 10:00
	The room is best for a skill skill_level of 5. 5 people came for the total price of 20
That is all for day #0!

The system has 18 faculties and in 1 days, they have made a revenue of 35
One of the best faculties - Biomedical Engineering, has made a revenue of 20 so far!
One of the best faculties - Civil and Environmental Engineering, has made a revenue of 15 so far!
One of the best faculties - Mechanical Engineering, has made a revenue of 0 so far!

Day #1: 0 events in total
That is all for day #1!

