Day #0: 1 events in total
The order was made by escaper2@gmail.com, from the faculty of Biology, who is skilled at 5
	It was made for room 11, of bio1@gmail.com from Biology, for the time 12:00
	The room is best for a skill skill_level of 7. 3 people came for the total price of 225
That is all for day #0!

The system has 18 faculties and in 1 days, they have made a revenue of 225
One of the best faculties - Biology, has made a revenue of 225 so far!
One of the best faculties - Civil and Environmental Engineering, has made a revenue of 0 so far!
One of the best faculties - Mechanical Engineering, has made a revenue of 0 so far!

Day #1: 2 events in total
The order was made by escaper2@gmail.com, from the faculty of Biology, who is skilled at 5
	It was made for room 11, of bio1@gmail.com from Biology, for the time 13:00
	The room is best for a skill skill_level of 7. 3 people came for the total price of 225
The order was made by escaper2@gmail.com, from the faculty of Biology, who is skilled at 5
	It was made for room 11, of bio1@gmail.com from Biology, for the time 14:00
	The room is best for a skill skill_level of 7. 3 people came for the total price of 225
That is all for day #1!

The system has 18 faculties and in 2 days, they have made a revenue of 675
One of the best faculties - Biology, has made a revenue of 675 so far!
One of the best faculties - Civil and Environmental Engineering, has made a revenue of 0 so far!
One of the best faculties - Mechanical Engineering, has made a revenue of 0 so far!

Day #2: 3 events in total
The order was made by escaper2@gmail.com, from the faculty of Biology, who is skilled at 5
	It was made for room 11, of bio1@gmail.com from Biology, for the time 6:00
	The room is best for a skill skill_level of 7. 3 people came for the total price of 225
The order was made by escaper2@gmail.com, from the faculty of Biology, who is skilled at 5
	It was made for room 11, of bio1@gmail.com from Biology, for the time 13:00
	The room is best for a skill skill_level of 7. 3 people came for the total price of 225
The order was made by escaper2@gmail.com, from the faculty of Biology, who is skilled at 5
	It was made for room 11, of med3@gmail.com from Medicine, for the time 14:00
	The room is best for a skill skill_level of 7. 3 people came for the total price of 300
That is all for day #2!

Day #3: 1 events in total
The order was made by escaper2@gmail.com, from the faculty of Biology, who is skilled at 5
	It was made for room 11, of bio1@gmail.com from Biology, for the time 13:00
	The room is best for a skill skill_level of 7. 3 people came for the total price of 225
That is all for day #3!

Day #4: 1 events in total
The order was made by escaper2@gmail.com, from the faculty of Biology, who is skilled at 5
	It was made for room 22, of med3@gmail.com from Medicine, for the time 14:00
	The room is best for a skill skill_level of 7. 3 people came for the total price of 300
That is all for day #4!

Day #5: 0 events in total
That is all for day #5!

The system has 18 faculties and in 6 days, they have made a revenue of 1950
One of the best faculties - Biology, has made a revenue of 1350 so far!
One of the best faculties - Medicine, has made a revenue of 600 so far!
One of the best faculties - Civil and Environmental Engineering, has made a revenue of 0 so far!

