Day #0: 0 events in total
That is all for day #0!

The system has 18 faculties and in 1 days, they have made a revenue of 0
One of the best faculties - Civil and Environmental Engineering, has made a revenue of 0 so far!
One of the best faculties - Mechanical Engineering, has made a revenue of 0 so far!
One of the best faculties - Electrical Engineering, has made a revenue of 0 so far!

Day #1: 0 events in total
That is all for day #1!

The system has 18 faculties and in 2 days, they have made a revenue of 0
One of the best faculties - Civil and Environmental Engineering, has made a revenue of 0 so far!
One of the best faculties - Mechanical Engineering, has made a revenue of 0 so far!
One of the best faculties - Electrical Engineering, has made a revenue of 0 so far!

